// Jest Snapshot v1, https://goo.gl/fbAQLP

exports[`Test caching config matches snapshot 1`] = `
{
  "config": {
    "reload": {},
    "reset": {},
  },
  "default": [Function],
}
`;
