// Jest Snapshot v1, https://goo.gl/fbAQLP

exports[`postcss.js PostCSS config: develop 1`] = `
{
  "min": {
    "files": {},
    "options": {
      "map": false,
      "parser": {
        "parse": [Function],
        "stringify": [Function],
      },
      "processors": [
        {
          "Once": [Function],
          "postcssPlugin": "postcss-import",
        },
        [Function],
        [Function],
        {
          "plugins": [
            {
              "Declaration": [Function],
              "postcssPlugin": "postcss-color-function",
            },
            {
              "postcssPlugin": "postcss-normalize-display-values",
              "prepare": [Function],
            },
            {
              "AtRule": [Function],
              "postcssPlugin": "postcss-font-format-keywords",
            },
            {
              "Declaration": [Function],
              "postcssPlugin": "postcss-oklab-function",
            },
            {
              "postcssPlugin": "postcss-text-decoration-shorthand",
              "prepare": [Function],
            },
            {
              "AtRule": [Function],
              "Once": [Function],
              "postcssPlugin": "postcss-custom-media",
            },
            {
              "Declaration": [Function],
              "postcssPlugin": "postcss-image-set-function",
            },
            {
              "AtRule": {
                "custom-media": [Function],
                "media": [Function],
              },
              "postcssPlugin": "postcss-media-minmax",
            },
            {
              "Rule": [Function],
              "postcssPlugin": "postcss-nesting",
            },
            {
              "Rule": [Function],
              "postcssPlugin": "postcss-dir-pseudo-class",
            },
            {
              "Declaration": [Function],
              "postcssPlugin": "postcss-lab-function",
            },
            {
              "Rule": [Function],
              "postcssPlugin": "css-blank-pseudo",
            },
            {
              "Declaration": [Function],
              "postcssPlugin": "postcss-page-break",
            },
            {
              "Once": [Function],
              "postcssPlugin": "postcss-font-variant",
            },
            {
              "Rule": [Function],
              "postcssPlugin": "css-has-pseudo",
            },
            {
              "Declaration": [Function],
              "postcssPlugin": "postcss-stepped-value-functions",
            },
            {
              "Declaration": [Function],
              "postcssPlugin": "postcss-trigonometric-functions",
            },
            {
              "browsers": [
                "> 1%",
                "last 1 Android versions",
                "last 1 ChromeAndroid versions",
                "last 2 Chrome versions",
                "last 2 Firefox versions",
                "last 2 Safari versions",
                "last 2 iOS versions",
                "last 2 Edge versions",
                "last 2 Opera versions",
                "not and_uc 15.5",
              ],
              "info": [Function],
              "options": {
                "overrideBrowserslist": [
                  "> 1%",
                  "last 1 Android versions",
                  "last 1 ChromeAndroid versions",
                  "last 2 Chrome versions",
                  "last 2 Firefox versions",
                  "last 2 Safari versions",
                  "last 2 iOS versions",
                  "last 2 Edge versions",
                  "last 2 Opera versions",
                  "not and_uc 15.5",
                ],
              },
              "postcssPlugin": "autoprefixer",
              "prepare": [Function],
            },
            {
              "RuleExit": [Function],
              "postcssPlugin": "postcss-progressive-custom-properties",
            },
            {
              "OnceExit": [Function],
              "postcssPlugin": "postcss-preset-env",
            },
          ],
          "postcssPlugin": "postcss-preset-env",
        },
        [Function],
        [Function],
        {
          "OnceExit": [Function],
          "postcssPlugin": "postcss-hash",
        },
        {
          "OnceExit": [Function],
          "postcssPlugin": "clean",
        },
      ],
    },
  },
  "toCSS": {
    "files": {},
    "options": {
      "map": true,
      "parser": {
        "parse": [Function],
        "stringify": [Function],
      },
      "processors": [
        {
          "Once": [Function],
          "postcssPlugin": "postcss-import",
        },
        [Function],
        [Function],
        {
          "plugins": [
            {
              "Declaration": [Function],
              "postcssPlugin": "postcss-color-function",
            },
            {
              "postcssPlugin": "postcss-normalize-display-values",
              "prepare": [Function],
            },
            {
              "AtRule": [Function],
              "postcssPlugin": "postcss-font-format-keywords",
            },
            {
              "Declaration": [Function],
              "postcssPlugin": "postcss-oklab-function",
            },
            {
              "postcssPlugin": "postcss-text-decoration-shorthand",
              "prepare": [Function],
            },
            {
              "AtRule": [Function],
              "Once": [Function],
              "postcssPlugin": "postcss-custom-media",
            },
            {
              "Declaration": [Function],
              "postcssPlugin": "postcss-image-set-function",
            },
            {
              "AtRule": {
                "custom-media": [Function],
                "media": [Function],
              },
              "postcssPlugin": "postcss-media-minmax",
            },
            {
              "Rule": [Function],
              "postcssPlugin": "postcss-nesting",
            },
            {
              "Rule": [Function],
              "postcssPlugin": "postcss-dir-pseudo-class",
            },
            {
              "Declaration": [Function],
              "postcssPlugin": "postcss-lab-function",
            },
            {
              "Rule": [Function],
              "postcssPlugin": "css-blank-pseudo",
            },
            {
              "Declaration": [Function],
              "postcssPlugin": "postcss-page-break",
            },
            {
              "Once": [Function],
              "postcssPlugin": "postcss-font-variant",
            },
            {
              "Rule": [Function],
              "postcssPlugin": "css-has-pseudo",
            },
            {
              "Declaration": [Function],
              "postcssPlugin": "postcss-stepped-value-functions",
            },
            {
              "Declaration": [Function],
              "postcssPlugin": "postcss-trigonometric-functions",
            },
            {
              "browsers": [
                "> 1%",
                "last 1 Android versions",
                "last 1 ChromeAndroid versions",
                "last 2 Chrome versions",
                "last 2 Firefox versions",
                "last 2 Safari versions",
                "last 2 iOS versions",
                "last 2 Edge versions",
                "last 2 Opera versions",
                "not and_uc 15.5",
              ],
              "info": [Function],
              "options": {
                "overrideBrowserslist": [
                  "> 1%",
                  "last 1 Android versions",
                  "last 1 ChromeAndroid versions",
                  "last 2 Chrome versions",
                  "last 2 Firefox versions",
                  "last 2 Safari versions",
                  "last 2 iOS versions",
                  "last 2 Edge versions",
                  "last 2 Opera versions",
                  "not and_uc 15.5",
                ],
              },
              "postcssPlugin": "autoprefixer",
              "prepare": [Function],
            },
            {
              "RuleExit": [Function],
              "postcssPlugin": "postcss-progressive-custom-properties",
            },
            {
              "OnceExit": [Function],
              "postcssPlugin": "postcss-preset-env",
            },
          ],
          "postcssPlugin": "postcss-preset-env",
        },
        [Function],
        [Function],
        {
          "OnceExit": [Function],
          "postcssPlugin": "postcss-hash",
        },
        [Function],
      ],
    },
  },
}
`;
